// Jest Snapshot v1, https://goo.gl/fbAQLP

exports[`Explore component should render the Explore component correctly 1`] = `
<ForwardRef(Grid)
  alignItems="center"
  container={true}
  direction="column"
  justifyContent="center"
  spacing={3}
>
  <ForwardRef(Grid)
    className="categoryName"
    item={true}
    md={12}
    sm={12}
    xl={12}
    xs={12}
  />
  <ForwardRef(Grid)
    item={true}
    md={12}
    sm={12}
    xl={12}
    xs={12}
  />
  <ForwardRef(Grid)
    item={true}
    md={12}
    sm={12}
    xl={12}
    xs={12}
  >
    <ForwardRef(Button)
      color="primary"
      id="explore-more-btn"
      onClick={[Function]}
      style={
        Object {
          "textTransform": "none",
        }
      }
      variant="contained"
    >
      Explore 
    </ForwardRef(Button)>
  </ForwardRef(Grid)>
</ForwardRef(Grid)>
`;
